[bucksfort.com/index.html]
[external.html]
[backblue.gif]
[fade.gif]
[index.html]
[bucksfort.com/fonts/fortnite.woff]
[cdnjs.cloudflare.com/ajax/libs/semantic-ui/2.2.13/semantic.min.css]
[bucksfort.com/img/bg.jpg]
[bucksfort.com/img/1.jpg]
[bucksfort.com/img/2.jpg]
[bucksfort.com/img/3.jpg]
[bucksfort.com/img/4.jpg]
[bucksfort.com/img/png4.png]
[bucksfort.com/img/png3.png]
[cdnjs.cloudflare.com/ajax/libs/jquery/3.2.1/jquery.min.js]
[bucksfort.com/index.html]
[cdnjs.cloudflare.com/ajax/libs/semantic-ui/2.2.13/themes/default/assets/images/flags.png]
[bucksfort.com/xxx/index.html]
[cdnjs.cloudflare.com/ajax/libs/semantic-ui/2.2.13/semantic.min.js]
[cdnjs.cloudflare.com/ajax/libs/semantic-ui/2.2.13/themes/default/assets/fonts/icons.eot]
[cdnjs.cloudflare.com/ajax/libs/semantic-ui/2.2.13/themes/default/assets/fonts/iconsd41d.eot]
[cdnjs.cloudflare.com/ajax/libs/semantic-ui/2.2.13/themes/default/assets/fonts/icons.woff2]
[cdnjs.cloudflare.com/ajax/libs/semantic-ui/2.2.13/themes/default/assets/fonts/icons.woff]
[cdnjs.cloudflare.com/ajax/libs/semantic-ui/2.2.13/themes/default/assets/fonts/icons.ttf]
[cdnjs.cloudflare.com/ajax/libs/semantic-ui/2.2.13/semantic.min.css]
[bucksfort.com/xxx/index.html]
[cdnjs.cloudflare.com/ajax/libs/semantic-ui/2.2.13/themes/default/assets/fonts/icons.svg]
[cdnjs.cloudflare.com/ajax/libs/semantic-ui/2.2.13/themes/default/assets/fonts/icons.svg]
